-- The CXX compiler identification is MSVC 19.44.35228.0
-- Detecting CXX compiler ABI info
-- Detecting CXX compiler ABI info - done
-- Check for working CXX compiler: C:/Program Files (x86)/Microsoft Visual Studio/2022/BuildTools/VC/Tools/MSVC/14.44.35207/bin/Hostx64/x64/cl.exe - skipped
-- Detecting CXX compile features
-- Detecting CXX compile features - done
-- Performing Test CMAKE_HAVE_LIBC_PTHREAD
-- Performing Test CMAKE_HAVE_LIBC_PTHREAD - Failed
-- Looking for pthread_create in pthreads
-- Looking for pthread_create in pthreads - not found
-- Looking for pthread_create in pthread
-- Looking for pthread_create in pthread - not found
-- Found Threads: TRUE
-- Performing Test HAVE_STDATOMIC
-- Performing Test HAVE_STDATOMIC - Success
-- Found WrapAtomic: TRUE
-- Could NOT find WrapVulkanHeaders (missing: Vulkan_INCLUDE_DIR) 
-- Configuring done (11.8s)
-- Generating done (0.6s)
-- Build files have been written to: C:/Users/kasun/Projects/Game Dev/KaLara/KaLara Arch/build/windows-release
[1/18] Building CXX object CMakeFiles\kalara_core.dir\core\diagnostic.cpp.obj
[2/18] Linking CXX static library kalara_core.lib
[3/18] Building CXX object CMakeFiles\core_tests.dir\tests\core_tests.cpp.obj
[4/18] Automatic MOC for target kalara_editor
[5/18] Linking CXX executable core_tests.exe
[6/18] Building CXX object CMakeFiles\kalara_editor.dir\editor\session.cpp.obj
[7/18] Building CXX object CMakeFiles\kalara_editor.dir\kalara_editor_autogen\mocs_compilation.cpp.obj
[8/18] Building CXX object CMakeFiles\kalara_editor.dir\editor\action_registry.cpp.obj
[9/18] Building CXX object CMakeFiles\kalara_editor.dir\editor\main_window.cpp.obj
[10/18] Linking CXX static library kalara_editor.lib
[11/18] Automatic MOC for target kalara_arch
[12/18] Building CXX object CMakeFiles\kalara_arch.dir\kalara_arch_autogen\mocs_compilation.cpp.obj
[13/18] Automatic MOC for target shell_tests
[14/18] Building CXX object CMakeFiles\shell_tests.dir\shell_tests_autogen\mocs_compilation.cpp.obj
[15/18] Building CXX object CMakeFiles\kalara_arch.dir\editor\main.cpp.obj
[16/18] Linking CXX executable kalara_arch.exe
[17/18] Building CXX object CMakeFiles\shell_tests.dir\tests\shell_tests.cpp.obj
[18/18] Linking CXX executable shell_tests.exe
Test project C:/Users/kasun/Projects/Game Dev/KaLara/KaLara Arch/build/windows-release
    Start 1: core_tests
1/2 Test #1: core_tests .......................   Passed    0.10 sec
    Start 2: shell_tests
2/2 Test #2: shell_tests ......................   Passed    0.55 sec

100% tests passed out of 2

Total Test time (real) =   0.86 sec
