-- Could NOT find WrapVulkanHeaders (missing: Vulkan_INCLUDE_DIR)
-- Could NOT find WrapVulkanHeaders (missing: Vulkan_INCLUDE_DIR)
-- Configuring done (0.7s)
-- Generating done (0.4s)
-- Build files have been written to: C:/Users/kasun/Projects/Game Dev/KaLara/KaLara Arch/build/windows-debug
[1/9] Automatic MOC for target input_system_tests
[2/8] Linking CXX executable kalara_arch.exe
[3/8] Building CXX object CMakeFiles\input_system_tests.dir\tests\input_system_tests.cpp.obj
[4/8] Linking CXX executable input_system_tests.exe
[5/8] Building CXX object CMakeFiles\shell_tests.dir\tests\shell_tests.cpp.obj
[6/8] Building CXX object CMakeFiles\render_tests.dir\tests\render_tests.cpp.obj
[7/8] Linking CXX executable shell_tests.exe
[8/8] Linking CXX executable render_tests.exe
Test project C:/Users/kasun/Projects/Game Dev/KaLara/KaLara Arch/build/windows-debug
    Start 1: core_tests
1/7 Test #1: core_tests .......................   Passed    0.09 sec
    Start 2: geometry_tests
2/7 Test #2: geometry_tests ...................   Passed    0.09 sec
    Start 3: command_service_tests
3/7 Test #3: command_service_tests ............   Passed    0.08 sec
    Start 4: model_codec_tests
4/7 Test #4: model_codec_tests ................   Passed    0.16 sec
    Start 5: shell_tests
5/7 Test #5: shell_tests ......................   Passed    1.78 sec
    Start 6: render_tests
6/7 Test #6: render_tests .....................   Passed    1.41 sec
    Start 7: input_system_tests
7/7 Test #7: input_system_tests ...............   Passed    0.09 sec

100% tests passed out of 7

Total Test time (real) =   4.23 sec
