-- Could NOT find WrapVulkanHeaders (missing: Vulkan_INCLUDE_DIR) 
-- Configuring done (1.1s)
-- Generating done (0.6s)
-- Build files have been written to: C:/Users/kasun/Projects/Game Dev/KaLara/KaLara Arch/build/windows-release
[1/24] Automatic MOC for target kalara_editor
[2/22] Automatic MOC for target kalara_arch
[3/20] Automatic MOC for target shell_tests
[4/18] Building CXX object CMakeFiles\kalara_runtime.dir\runtime\command_service.cpp.obj
[5/18] Building CXX object CMakeFiles\kalara_architecture.dir\architecture\model.cpp.obj
[6/18] Linking CXX static library kalara_architecture.lib
[7/18] Linking CXX static library kalara_runtime.lib
[8/18] Automatic MOC for target kalara_persistence
[9/17] Building CXX object CMakeFiles\command_service_tests.dir\tests\command_service_tests.cpp.obj
[10/17] Linking CXX executable command_service_tests.exe
[11/17] Building CXX object CMakeFiles\kalara_persistence.dir\persistence\migration.cpp.obj
[12/17] Building CXX object CMakeFiles\kalara_persistence.dir\persistence\json_codec.cpp.obj
[13/17] Linking CXX static library kalara_persistence.lib
[14/17] Automatic MOC for target model_codec_tests
[15/16] Building CXX object CMakeFiles\model_codec_tests.dir\tests\model_codec_tests.cpp.obj
[16/16] Linking CXX executable model_codec_tests.exe
Test project C:/Users/kasun/Projects/Game Dev/KaLara/KaLara Arch/build/windows-release
    Start 1: core_tests
1/5 Test #1: core_tests .......................   Passed    0.05 sec
    Start 2: geometry_tests
2/5 Test #2: geometry_tests ...................   Passed    0.05 sec
    Start 3: command_service_tests
3/5 Test #3: command_service_tests ............   Passed    0.09 sec
    Start 4: model_codec_tests
4/5 Test #4: model_codec_tests ................   Passed    0.13 sec
    Start 5: shell_tests
5/5 Test #5: shell_tests ......................   Passed    0.36 sec

100% tests passed out of 5

Total Test time (real) =   1.03 sec
